Listing '.'...
Listing '.\\.git'...
Listing '.\\.git\\hooks'...
Listing '.\\.git\\info'...
Listing '.\\.git\\logs'...
Listing '.\\.git\\logs\\refs'...
Listing '.\\.git\\logs\\refs\\heads'...
Listing '.\\.git\\logs\\refs\\remotes'...
Listing '.\\.git\\logs\\refs\\remotes\\origin'...
Listing '.\\.git\\objects'...
Listing '.\\.git\\objects\\0d'...
Listing '.\\.git\\objects\\10'...
Listing '.\\.git\\objects\\12'...
Listing '.\\.git\\objects\\13'...
Listing '.\\.git\\objects\\16'...
Listing '.\\.git\\objects\\17'...
Listing '.\\.git\\objects\\21'...
Listing '.\\.git\\objects\\22'...
Listing '.\\.git\\objects\\23'...
Listing '.\\.git\\objects\\28'...
Listing '.\\.git\\objects\\2e'...
Listing '.\\.git\\objects\\2f'...
Listing '.\\.git\\objects\\32'...
Listing '.\\.git\\objects\\38'...
Listing '.\\.git\\objects\\3a'...
Listing '.\\.git\\objects\\3f'...
Listing '.\\.git\\objects\\40'...
Listing '.\\.git\\objects\\44'...
Listing '.\\.git\\objects\\46'...
Listing '.\\.git\\objects\\48'...
Listing '.\\.git\\objects\\4b'...
Listing '.\\.git\\objects\\4d'...
Listing '.\\.git\\objects\\4e'...
Listing '.\\.git\\objects\\4f'...
Listing '.\\.git\\objects\\53'...
Listing '.\\.git\\objects\\57'...
Listing '.\\.git\\objects\\5a'...
Listing '.\\.git\\objects\\5d'...
Listing '.\\.git\\objects\\62'...
Listing '.\\.git\\objects\\66'...
Listing '.\\.git\\objects\\68'...
Listing '.\\.git\\objects\\6c'...
Listing '.\\.git\\objects\\6d'...
Listing '.\\.git\\objects\\6e'...
Listing '.\\.git\\objects\\74'...
Listing '.\\.git\\objects\\75'...
Listing '.\\.git\\objects\\77'...
Listing '.\\.git\\objects\\7e'...
Listing '.\\.git\\objects\\7f'...
Listing '.\\.git\\objects\\83'...
Listing '.\\.git\\objects\\84'...
Listing '.\\.git\\objects\\87'...
Listing '.\\.git\\objects\\8e'...
Listing '.\\.git\\objects\\91'...
Listing '.\\.git\\objects\\92'...
Listing '.\\.git\\objects\\94'...
Listing '.\\.git\\objects\\97'...
Listing '.\\.git\\objects\\9a'...
Listing '.\\.git\\objects\\a0'...
Listing '.\\.git\\objects\\a4'...
Listing '.\\.git\\objects\\a5'...
Listing '.\\.git\\objects\\a9'...
Listing '.\\.git\\objects\\ae'...
Listing '.\\.git\\objects\\af'...
Listing '.\\.git\\objects\\b5'...
Listing '.\\.git\\objects\\cd'...
Listing '.\\.git\\objects\\d0'...
Listing '.\\.git\\objects\\d2'...
Listing '.\\.git\\objects\\d6'...
Listing '.\\.git\\objects\\d7'...
Listing '.\\.git\\objects\\dc'...
Listing '.\\.git\\objects\\e1'...
Listing '.\\.git\\objects\\e4'...
Listing '.\\.git\\objects\\ec'...
Listing '.\\.git\\objects\\ed'...
Listing '.\\.git\\objects\\f3'...
Listing '.\\.git\\objects\\f7'...
Listing '.\\.git\\objects\\fd'...
Listing '.\\.git\\objects\\info'...
Listing '.\\.git\\objects\\pack'...
Listing '.\\.git\\refs'...
Listing '.\\.git\\refs\\heads'...
Listing '.\\.git\\refs\\remotes'...
Listing '.\\.git\\refs\\remotes\\origin'...
Listing '.\\.git\\refs\\tags'...
Listing '.\\.gm-user-data'...
Listing '.\\.gm-user-data\\Default'...
Listing '.\\.gm-user-data\\Default\\Cache'...
Listing '.\\.gm-user-data\\Default\\Cache\\Cache_Data'...
Listing '.\\.gm-user-data\\Default\\Cache\\Cache_Data\\index-dir'...
Listing '.\\.gm-user-data\\Default\\Cache\\No_Vary_Search'...
Listing '.\\.gm-user-data\\Default\\Code Cache'...
Listing '.\\.gm-user-data\\Default\\Code Cache\\js'...
Listing '.\\.gm-user-data\\Default\\Code Cache\\js\\index-dir'...
Listing '.\\.gm-user-data\\Default\\Code Cache\\wasm'...
Listing '.\\.gm-user-data\\Default\\Code Cache\\wasm\\index-dir'...
Listing '.\\.gm-user-data\\Default\\DawnGraphiteCache'...
Listing '.\\.gm-user-data\\Default\\DawnWebGPUCache'...
Listing '.\\.gm-user-data\\Default\\GPUCache'...
Listing '.\\.gm-user-data\\Default\\Local Storage'...
Listing '.\\.gm-user-data\\Default\\Local Storage\\leveldb'...
Listing '.\\.gm-user-data\\Default\\PersistentOriginTrials'...
Listing '.\\.gm-user-data\\Default\\Service Worker'...
Listing '.\\.gm-user-data\\Default\\Service Worker\\CacheStorage'...
Listing '.\\.gm-user-data\\Default\\Service Worker\\CacheStorage\\28da9c56fde4021055a681112c092453f74d8dd8'...
Listing '.\\.gm-user-data\\Default\\Service Worker\\CacheStorage\\28da9c56fde4021055a681112c092453f74d8dd8\\6878566f-9f5b-47a3-9c2e-55c4e08fd8b7'...
Listing '.\\.gm-user-data\\Default\\Service Worker\\CacheStorage\\28da9c56fde4021055a681112c092453f74d8dd8\\6878566f-9f5b-47a3-9c2e-55c4e08fd8b7\\index-dir'...
Listing '.\\.gm-user-data\\Default\\Service Worker\\Database'...
Listing '.\\.gm-user-data\\Default\\Service Worker\\ScriptCache'...
Listing '.\\.gm-user-data\\Default\\Service Worker\\ScriptCache\\index-dir'...
Listing '.\\.gm-user-data\\Default\\Session Storage'...
Listing '.\\.gm-user-data\\Default\\Shared Dictionary'...
Listing '.\\.gm-user-data\\Default\\Shared Dictionary\\cache'...
Listing '.\\.gm-user-data\\Default\\Shared Dictionary\\cache\\index-dir'...
Listing '.\\.gm-user-data\\Default\\WebStorage'...
Listing '.\\.gm-user-data\\Default\\blob_storage'...
Listing '.\\.gm-user-data\\Default\\blob_storage\\9b2a5b9e-b98b-4c7b-90d8-9fa6d199c87d'...
Listing '.\\.gm-user-data\\Default\\shared_proto_db'...
Listing '.\\.gm-user-data\\Default\\shared_proto_db\\metadata'...
Listing '.\\Data'...
Listing '.\\Data\\MERN'...
Listing '.\\Finder'...
Listing '.\\Finder\\Leads-AI-Agent'...
Listing '.\\Finder\\Leads-AI-Agent\\backend'...
Listing '.\\Finder\\Leads-AI-Agent\\backend\\src'...
Listing '.\\Finder\\Leads-AI-Agent\\backend\\src\\enrichment'...
Listing '.\\Lead'...
Listing '.\\Live'...
Listing '.\\Project'...
Listing '.\\Project\\Local'...
Listing '.\\debug-screenshots'...
Listing '.\\dist'...
Listing '.\\dist\\ai-outreach'...
Listing '.\\dist\\ai-sales-intelligence'...
Listing '.\\dist\\ai-validation'...
Listing '.\\dist\\automation'...
Listing '.\\dist\\browser'...
Listing '.\\dist\\business-intelligence'...
Listing '.\\dist\\config'...
Listing '.\\dist\\constants'...
Listing '.\\dist\\controllers'...
Listing '.\\dist\\core'...
Listing '.\\dist\\core\\browser'...
Listing '.\\dist\\core\\scraper-engine'...
Listing '.\\dist\\core\\scraper-engine\\navigation'...
Listing '.\\dist\\core\\scraper-engine\\sources'...
Listing '.\\dist\\core\\scraper-engine\\sources\\googleMaps'...
Listing '.\\dist\\core\\scraper-engine\\sources\\indiamart'...
Listing '.\\dist\\core\\scraper-engine\\sources\\justdial'...
Listing '.\\dist\\crm'...
Listing '.\\dist\\crm\\models'...
Listing '.\\dist\\crm\\types'...
Listing '.\\dist\\enrichment'...
Listing '.\\dist\\exporters'...
Listing '.\\dist\\jobs'...
Listing '.\\dist\\mega-ai-engine'...
Listing '.\\dist\\middlewares'...
Listing '.\\dist\\migrations'...
Listing '.\\dist\\models'...
Listing '.\\dist\\modules'...
Listing '.\\dist\\modules\\automation-monitor'...
Listing '.\\dist\\modules\\leads'...
Listing '.\\dist\\modules\\leads\\services'...
Listing '.\\dist\\modules\\reports'...
Listing '.\\dist\\modules\\scrapers'...
Listing '.\\dist\\modules\\scrapers\\indiamart'...
Listing '.\\dist\\modules\\search'...
Listing '.\\dist\\monitoring'...
Listing '.\\dist\\multi-source'...
Listing '.\\dist\\recovery'...
Listing '.\\dist\\routes'...
Listing '.\\dist\\schedulers'...
Listing '.\\dist\\scraper-core'...
Listing '.\\dist\\scrapers'...
Listing '.\\dist\\scripts'...
Listing '.\\dist\\services'...
Listing '.\\dist\\source-core'...
Listing '.\\dist\\source-manager'...
Listing '.\\dist\\sources'...
Listing '.\\dist\\sources\\clutch'...
Listing '.\\dist\\sources\\google-maps'...
Listing '.\\dist\\sources\\indiamart'...
Listing '.\\dist\\sources\\justdial'...
Listing '.\\dist\\sources\\official-website'...
Listing '.\\dist\\types'...
Listing '.\\dist\\uiux-intelligence'...
Listing '.\\dist\\utils'...
Listing '.\\dist\\validators'...
Listing '.\\dist\\website-intelligence'...
Listing '.\\forensic-evidence'...
Listing '.\\node_modules'...
Listing '.\\node_modules\\.vite'...
Listing '.\\node_modules\\.vite\\vitest'...
Listing '.\\node_modules\\.vite\\vitest\\da39a3ee5e6b4b0d3255bfef95601890afd80709'...
Listing '.\\resume-states'...
Listing '.\\src'...
Listing '.\\src\\ai-outreach'...
Listing '.\\src\\ai-sales-intelligence'...
Listing '.\\src\\ai-validation'...
Listing '.\\src\\automation'...
Listing '.\\src\\browser'...
Listing '.\\src\\business-intelligence'...
Listing '.\\src\\config'...
Listing '.\\src\\constants'...
Listing '.\\src\\controllers'...
Listing '.\\src\\core'...
Listing '.\\src\\core\\browser'...
Listing '.\\src\\core\\scraper-engine'...
Listing '.\\src\\core\\scraper-engine\\navigation'...
Listing '.\\src\\core\\scraper-engine\\navigation\\__tests__'...
Listing '.\\src\\core\\scraper-engine\\sources'...
Listing '.\\src\\core\\scraper-engine\\sources\\googleMaps'...
Listing '.\\src\\core\\scraper-engine\\sources\\indiamart'...
Listing '.\\src\\core\\scraper-engine\\sources\\justdial'...
Listing '.\\src\\crm'...
Listing '.\\src\\crm\\models'...
Listing '.\\src\\crm\\types'...
Listing '.\\src\\enrichment'...
Listing '.\\src\\exporters'...
Listing '.\\src\\jobs'...
Listing '.\\src\\mega-ai-engine'...
Listing '.\\src\\middlewares'...
Listing '.\\src\\migrations'...
Listing '.\\src\\models'...
Listing '.\\src\\modules'...
Listing '.\\src\\modules\\automation-monitor'...
Listing '.\\src\\modules\\leads'...
Listing '.\\src\\modules\\leads\\services'...
Listing '.\\src\\modules\\reports'...
Listing '.\\src\\modules\\scrapers'...
Listing '.\\src\\modules\\scrapers\\indiamart'...
Listing '.\\src\\modules\\search'...
Listing '.\\src\\monitoring'...
Listing '.\\src\\multi-source'...
Listing '.\\src\\recovery'...
Listing '.\\src\\recovery\\__tests__'...
Listing '.\\src\\routes'...
Listing '.\\src\\schedulers'...
Listing '.\\src\\scraper-core'...
Listing '.\\src\\scrapers'...
Listing '.\\src\\scripts'...
Listing '.\\src\\services'...
Listing '.\\src\\source-core'...
Listing '.\\src\\source-manager'...
Listing '.\\src\\sources'...
Listing '.\\src\\sources\\clutch'...
Listing '.\\src\\sources\\google-maps'...
Listing '.\\src\\sources\\indiamart'...
Listing '.\\src\\sources\\justdial'...
Listing '.\\src\\sources\\official-website'...
Listing '.\\src\\types'...
Listing '.\\src\\uiux-intelligence'...
Listing '.\\src\\utils'...
Listing '.\\src\\validators'...
Listing '.\\src\\website-intelligence'...
Listing '.\\uploads'...
Listing '.\\uploads\\reports'...
Listing '.\\uploads\\reports\\html'...
Listing '.\\uploads\\reports\\pdf'...
